projection.aggregates.GroupMembersAggregatorTest.testFixture=[
  {
    "Group(groupId=1000)": {
      "members": [
        100,
        101,
        102,
        103
      ]
    },
    "Group(groupId=2000)": {
      "members": [
        200,
        201,
        202
      ]
    }
  }
]